PASS V2812-A01 /api/version is {"version":"2.8.12","build":"2026-05-06T11:56:25.556Z"}
PASS V2812-D01 25m exactly 0.50s improvement is BREAK
PASS V2812-D02 25m 0.49s improvement is not BREAK
PASS V2812-D06 50m 0.50s improvement remains non-break regression guard
PASS V2812-B03 Medley ranks by smallest absolute variance, not raw fastest time
PASS V2812-D04 Finalized event breakers include 0.50s 25m break
PASS V2812-D05 Finalized event breakers exclude 0.49s non-break
PASS V2812-E03 Event 1 appears in Season Calendar API after finalization
PASS V2812-E05 Event 1 and Event 2 both remain saved
PASS V2812-E08 Intentional archive moves event to deleted state
PASS V2812-E09 Restore returns archived event to active list
PASS V2812-C07-API Report API has 25m relay members
PASS V2812-C08-API Report API has Medley members and variance
PASS V2812-A02 Dashboard/sidebar shows v2.8.12
PASS V2812-A03 Assets use v2.8.12 cache busting
PASS V2812-A04 Results screen loads without white screen
PASS V2812-B02 Medley Results screen visibly lists team members/strokes
PASS V2812-B05 Medley Results screen explains ranking with variance
PASS V2812-B04 Medley readout includes signed variance
PASS V2812-B06 Medley readout includes participant names
PASS V2812-B07 Medley copied readout has no broken values
PASS V2812-C02 Calendar details show 25m Relay member names
PASS V2812-C04 Calendar details show Medley member names/strokes
PASS V2812-C05 Calendar details no longer only show Team/time
PASS V2812-C06 Full Event Report opens from Calendar path
PASS V2812-C07 Event Report relay tables include members
PASS V2812-C08 Printable Event Report includes variance with no broken values
PASS V2812-D01-UI 25m screen visibly marks/mentions breaker for 0.50s improvement
PASS V2812-E04 Calendar shows two saved events before restart
PASS V2812-F05 Scope guard: no Pointscore/M3 UI introduced
PASS V2812-F06 No relevant browser console/page errors (1 raw)
SUMMARY 31/31 PASS, 0 FAIL
